09-17 12:14:14.655 14255-14255/? A/DEBUG:     #201 pc 0001fcf7  /data/app/com.gamebox.shiba-PG90Db5ksHZCvBAraJDl9g==/lib/arm/libv++.so (ify::hook_Android_getaddrinfofornet(char const*, char const*, addrinfo const*, unsigned int, unsigned int, addrinfo**)+142)
09-17 12:14:14.655 14255-14255/? A/DEBUG:     #202 pc 0001fcf7  /data/app/com.gamebox.shiba-PG90Db5ksHZCvBAraJDl9g==/lib/arm/libv++.so (ify::hook_Android_getaddrinfofornet(char const*, char const*, addrinfo const*, unsigned int, unsigned int, addrinfo**)+142)
09-17 12:14:14.655 14255-14255/? A/DEBUG:     #203 pc 0001fcf7  /data/app/com.gamebox.shiba-PG90Db5ksHZCvBAraJDl9g==/lib/arm/libv++.so (ify::hook_Android_getaddrinfofornet(char const*, char const*, addrinfo const*, unsigned int, unsigned int, addrinfo**)+142)
09-17 12:14:14.655 14255-14255/? A/DEBUG:     #204 pc 0001fcf7  /data/app/com.gamebox.shiba-PG90Db5ksHZCvBAraJDl9g==/lib/arm/libv++.so (ify::hook_Android_getaddrinfofornet(char const*, char const*, addrinfo const*, unsigned int, unsigned int, addrinfo**)+142)
09-17 12:14:14.655 14255-14255/? A/DEBUG:     #205 pc 0001fcf7  /data/app/com.gamebox.shiba-PG90Db5ksHZCvBAraJDl9g==/lib/arm/libv++.so (ify::hook_Android_getaddrinfofornet(char const*, char const*, addrinfo const*, unsigned int, unsigned int, addrinfo**)+142)
09-17 12:14:14.655 14255-14255/? A/DEBUG:     #206 pc 0001fcf7  /data/app/com.gamebox.shiba-PG90Db5ksHZCvBAraJDl9g==/lib/arm/libv++.so (ify::hook_Android_getaddrinfofornet(char const*, char const*, addrinfo const*, unsigned int, unsigned int, addrinfo**)+142)
09-17 12:14:14.655 14255-14255/? A/DEBUG:     #207 pc 0001fcf7  /data/app/com.gamebox.shiba-PG90Db5ksHZCvBAraJDl9g==/lib/arm/libv++.so (ify::hook_Android_getaddrinfofornet(char const*, char const*, addrinfo const*, unsigned int, unsigned int, addrinfo**)+142)
09-17 12:14:14.655 14255-14255/? A/DEBUG:     #208 pc 0001fcf7  /data/app/com.gamebox.shiba-PG90Db5ksHZCvBAraJDl9g==/lib/arm/libv++.so (ify::hook_Android_getaddrinfofornet(char const*, char const*, addrinfo const*, unsigned int, unsigned int, addrinfo**)+142)
09-17 12:14:14.655 14255-14255/? A/DEBUG:     #209 pc 0001fcf7  /data/app/com.gamebox.shiba-PG90Db5ksHZCvBAraJDl9g==/lib/arm/libv++.so (ify::hook_Android_getaddrinfofornet(char const*, char const*, addrinfo const*, unsigned int, unsigned int, addrinfo**)+142)
09-17 12:14:14.656 14255-14255/? A/DEBUG:     #210 pc 0001fcf7  /data/app/com.gamebox.shiba-PG90Db5ksHZCvBAraJDl9g==/lib/arm/libv++.so (ify::hook_Android_getaddrinfofornet(char const*, char const*, addrinfo const*, unsigned int, unsigned int, addrinfo**)+142)
09-17 12:14:14.656 14255-14255/? A/DEBUG:     #211 pc 0001fcf7  /data/app/com.gamebox.shiba-PG90Db5ksHZCvBAraJDl9g==/lib/arm/libv++.so (ify::hook_Android_getaddrinfofornet(char const*, char const*, addrinfo const*, unsigned int, unsigned int, addrinfo**)+142)
09-17 12:14:14.656 14255-14255/? A/DEBUG:     #212 pc 0001fcf7  /data/app/com.gamebox.shiba-PG90Db5ksHZCvBAraJDl9g==/lib/arm/libv++.so (ify::hook_Android_getaddrinfofornet(char const*, char const*, addrinfo const*, unsigned int, unsigned int, addrinfo**)+142)
09-17 12:14:14.656 14255-14255/? A/DEBUG:     #213 pc 0001fcf7  /data/app/com.gamebox.shiba-PG90Db5ksHZCvBAraJDl9g==/lib/arm/libv++.so (ify::hook_Android_getaddrinfofornet(char const*, char const*, addrinfo const*, unsigned int, unsigned int, addrinfo**)+142)
09-17 12:14:14.656 14255-14255/? A/DEBUG:     #214 pc 0001fcf7  /data/app/com.gamebox.shiba-PG90Db5ksHZCvBAraJDl9g==/lib/arm/libv++.so (ify::hook_Android_getaddrinfofornet(char const*, char const*, addrinfo const*, unsigned int, unsigned int, addrinfo**)+142)
09-17 12:14:14.656 14255-14255/? A/DEBUG:     #215 pc 0001fcf7  /data/app/com.gamebox.shiba-PG90Db5ksHZCvBAraJDl9g==/lib/arm/libv++.so (ify::hook_Android_getaddrinfofornet(char const*, char const*, addrinfo const*, unsigned int, unsigned int, addrinfo**)+142)
09-17 12:14:14.656 14255-14255/? A/DEBUG:     #216 pc 0001fcf7  /data/app/com.gamebox.shiba-PG90Db5ksHZCvBAraJDl9g==/lib/arm/libv++.so (ify::hook_Android_getaddrinfofornet(char const*, char const*, addrinfo const*, unsigned int, unsigned int, addrinfo**)+142)
09-17 12:14:14.656 14255-14255/? A/DEBUG:     #217 pc 0001fcf7  /data/app/com.gamebox.shiba-PG90Db5ksHZCvBAraJDl9g==/lib/arm/libv++.so (ify::hook_Android_getaddrinfofornet(char const*, char const*, addrinfo const*, unsigned int, unsigned int, addrinfo**)+142)
09-17 12:14:14.656 14255-14255/? A/DEBUG:     #218 pc 0001fcf7  /data/app/com.gamebox.shiba-PG90Db5ksHZCvBAraJDl9g==/lib/arm/libv++.so (ify::hook_Android_getaddrinfofornet(char const*, char const*, addrinfo const*, unsigned int, unsigned int, addrinfo**)+142)
09-17 12:14:14.656 14255-14255/? A/DEBUG:     #219 pc 0001fcf7  /data/app/com.gamebox.shiba-PG90Db5ksHZCvBAraJDl9g==/lib/arm/libv++.so (ify::hook_Android_getaddrinfofornet(char const*, char const*, addrinfo const*, unsigned int, unsigned int, addrinfo**)+142)
09-17 12:14:14.656 14255-14255/? A/DEBUG:     #220 pc 0001fcf7  /data/app/com.gamebox.shiba-PG90Db5ksHZCvBAraJDl9g==/lib/arm/libv++.so (ify::hook_Android_getaddrinfofornet(char const*, char const*, addrinfo const*, unsigned int, unsigned int, addrinfo**)+142)
09-17 12:14:14.656 14255-14255/? A/DEBUG:     #221 pc 0001fcf7  /data/app/com.gamebox.shiba-PG90Db5ksHZCvBAraJDl9g==/lib/arm/libv++.so (ify::hook_Android_getaddrinfofornet(char const*, char const*, addrinfo const*, unsigned int, unsigned int, addrinfo**)+142)
09-17 12:14:14.656 14255-14255/? A/DEBUG:     #222 pc 0001fcf7  /data/app/com.gamebox.shiba-PG90Db5ksHZCvBAraJDl9g==/lib/arm/libv++.so (ify::hook_Android_getaddrinfofornet(char const*, char const*, addrinfo const*, unsigned int, unsigned int, addrinfo**)+142)
09-17 12:14:14.656 14255-14255/? A/DEBUG:     #223 pc 0001fcf7  /data/app/com.gamebox.shiba-PG90Db5ksHZCvBAraJDl9g==/lib/arm/libv++.so (ify::hook_Android_getaddrinfofornet(char const*, char const*, addrinfo const*, unsigned int, unsigned int, addrinfo**)+142)
09-17 12:14:14.656 14255-14255/? A/DEBUG:     #224 pc 0001fcf7  /data/app/com.gamebox.shiba-PG90Db5ksHZCvBAraJDl9g==/lib/arm/libv++.so (ify::hook_Android_getaddrinfofornet(char const*, char const*, addrinfo const*, unsigned int, unsigned int, addrinfo**)+142)
09-17 12:14:14.656 14255-14255/? A/DEBUG:     #225 pc 0001fcf7  /data/app/com.gamebox.shiba-PG90Db5ksHZCvBAraJDl9g==/lib/arm/libv++.so (ify::hook_Android_getaddrinfofornet(char const*, char const*, addrinfo const*, unsigned int, unsigned int, addrinfo**)+142)
09-17 12:14:14.656 14255-14255/? A/DEBUG:     #226 pc 0001fcf7  /data/app/com.gamebox.shiba-PG90Db5ksHZCvBAraJDl9g==/lib/arm/libv++.so (ify::hook_Android_getaddrinfofornet(char const*, char const*, addrinfo const*, unsigned int, unsigned int, addrinfo**)+142)
09-17 12:14:14.656 14255-14255/? A/DEBUG:     #227 pc 0001fcf7  /data/app/com.gamebox.shiba-PG90Db5ksHZCvBAraJDl9g==/lib/arm/libv++.so (ify::hook_Android_getaddrinfofornet(char const*, char const*, addrinfo const*, unsigned int, unsigned int, addrinfo**)+142)
09-17 12:14:14.656 14255-14255/? A/DEBUG:     #228 pc 0001fcf7  /data/app/com.gamebox.shiba-PG90Db5ksHZCvBAraJDl9g==/lib/arm/libv++.so (ify::hook_Android_getaddrinfofornet(char const*, char const*, addrinfo const*, unsigned int, unsigned int, addrinfo**)+142)
09-17 12:14:14.656 14255-14255/? A/DEBUG:     #229 pc 0001fcf7  /data/app/com.gamebox.shiba-PG90Db5ksHZCvBAraJDl9g==/lib/arm/libv++.so (ify::hook_Android_getaddrinfofornet(char const*, char const*, addrinfo const*, unsigned int, unsigned int, addrinfo**)+142)
09-17 12:14:14.656 14255-14255/? A/DEBUG:     #230 pc 0001fcf7  /data/app/com.gamebox.shiba-PG90Db5ksHZCvBAraJDl9g==/lib/arm/libv++.so (ify::hook_Android_getaddrinfofornet(char const*, char const*, addrinfo const*, unsigned int, unsigned int, addrinfo**)+142)
09-17 12:14:14.656 14255-14255/? A/DEBUG:     #231 pc 0001fcf7  /data/app/com.gamebox.shiba-PG90Db5ksHZCvBAraJDl9g==/lib/arm/libv++.so (ify::hook_Android_getaddrinfofornet(char const*, char const*, addrinfo const*, unsigned int, unsigned int, addrinfo**)+142)
09-17 12:14:14.656 14255-14255/? A/DEBUG:     #232 pc 0001fcf7  /data/app/com.gamebox.shiba-PG90Db5ksHZCvBAraJDl9g==/lib/arm/libv++.so (ify::hook_Android_getaddrinfofornet(char const*, char const*, addrinfo const*, unsigned int, unsigned int, addrinfo**)+142)
09-17 12:14:14.656 14255-14255/? A/DEBUG:     #233 pc 0001fcf7  /data/app/com.gamebox.shiba-PG90Db5ksHZCvBAraJDl9g==/lib/arm/libv++.so (ify::hook_Android_getaddrinfofornet(char const*, char const*, addrinfo const*, unsigned int, unsigned int, addrinfo**)+142)
09-17 12:14:14.656 14255-14255/? A/DEBUG:     #234 pc 0001fcf7  /data/app/com.gamebox.shiba-PG90Db5ksHZCvBAraJDl9g==/lib/arm/libv++.so (ify::hook_Android_getaddrinfofornet(char const*, char const*, addrinfo const*, unsigned int, unsigned int, addrinfo**)+142)
09-17 12:14:14.656 14255-14255/? A/DEBUG:     #235 pc 0001fcf7  /data/app/com.gamebox.shiba-PG90Db5ksHZCvBAraJDl9g==/lib/arm/libv++.so (ify::hook_Android_getaddrinfofornet(char const*, char const*, addrinfo const*, unsigned int, unsigned int, addrinfo**)+142)
09-17 12:14:14.656 14255-14255/? A/DEBUG:     #236 pc 0001fcf7  /data/app/com.gamebox.shiba-PG90Db5ksHZCvBAraJDl9g==/lib/arm/libv++.so (ify::hook_Android_getaddrinfofornet(char const*, char const*, addrinfo const*, unsigned int, unsigned int, addrinfo**)+142)
09-17 12:14:14.656 14255-14255/? A/DEBUG:     #237 pc 0001fcf7  /data/app/com.gamebox.shiba-PG90Db5ksHZCvBAraJDl9g==/lib/arm/libv++.so (ify::hook_Android_getaddrinfofornet(char const*, char const*, addrinfo const*, unsigned int, unsigned int, addrinfo**)+142)
09-17 12:14:14.657 14255-14255/? A/DEBUG:     #238 pc 0001fcf7  /data/app/com.gamebox.shiba-PG90Db5ksHZCvBAraJDl9g==/lib/arm/libv++.so (ify::hook_Android_getaddrinfofornet(char const*, char const*, addrinfo const*, unsigned int, unsigned int, addrinfo**)+142)
09-17 12:14:14.657 14255-14255/? A/DEBUG:     #239 pc 0001fcf7  /data/app/com.gamebox.shiba-PG90Db5ksHZCvBAraJDl9g==/lib/arm/libv++.so (ify::hook_Android_getaddrinfofornet(char const*, char const*, addrinfo const*, unsigned int, unsigned int, addrinfo**)+142)
09-17 12:14:14.657 14255-14255/? A/DEBUG:     #240 pc 0001fcf7  /data/app/com.gamebox.shiba-PG90Db5ksHZCvBAraJDl9g==/lib/arm/libv++.so (ify::hook_Android_getaddrinfofornet(char const*, char const*, addrinfo const*, unsigned int, unsigned int, addrinfo**)+142)
09-17 12:14:14.657 14255-14255/? A/DEBUG:     #241 pc 0001fcf7  /data/app/com.gamebox.shiba-PG90Db5ksHZCvBAraJDl9g==/lib/arm/libv++.so (ify::hook_Android_getaddrinfofornet(char const*, char const*, addrinfo const*, unsigned int, unsigned int, addrinfo**)+142)
09-17 12:14:14.657 14255-14255/? A/DEBUG:     #242 pc 0001fcf7  /data/app/com.gamebox.shiba-PG90Db5ksHZCvBAraJDl9g==/lib/arm/libv++.so (ify::hook_Android_getaddrinfofornet(char const*, char const*, addrinfo const*, unsigned int, unsigned int, addrinfo**)+142)
09-17 12:14:14.657 14255-14255/? A/DEBUG:     #243 pc 0001fcf7  /data/app/com.gamebox.shiba-PG90Db5ksHZCvBAraJDl9g==/lib/arm/libv++.so (ify::hook_Android_getaddrinfofornet(char const*, char const*, addrinfo const*, unsigned int, unsigned int, addrinfo**)+142)
09-17 12:14:14.657 14255-14255/? A/DEBUG:     #244 pc 0001fcf7  /data/app/com.gamebox.shiba-PG90Db5ksHZCvBAraJDl9g==/lib/arm/libv++.so (ify::hook_Android_getaddrinfofornet(char const*, char const*, addrinfo const*, unsigned int, unsigned int, addrinfo**)+142)
09-17 12:14:14.657 14255-14255/? A/DEBUG:     #245 pc 0001fcf7  /data/app/com.gamebox.shiba-PG90Db5ksHZCvBAraJDl9g==/lib/arm/libv++.so (ify::hook_Android_getaddrinfofornet(char const*, char const*, addrinfo const*, unsigned int, unsigned int, addrinfo**)+142)
09-17 12:14:14.657 14255-14255/? A/DEBUG:     #246 pc 0001fcf7  /data/app/com.gamebox.shiba-PG90Db5ksHZCvBAraJDl9g==/lib/arm/libv++.so (ify::hook_Android_getaddrinfofornet(char const*, char const*, addrinfo const*, unsigned int, unsigned int, addrinfo**)+142)
09-17 12:14:14.657 14255-14255/? A/DEBUG:     #247 pc 0001fcf7  /data/app/com.gamebox.shiba-PG90Db5ksHZCvBAraJDl9g==/lib/arm/libv++.so (ify::hook_Android_getaddrinfofornet(char const*, char const*, addrinfo const*, unsigned int, unsigned int, addrinfo**)+142)
09-17 12:14:14.657 14255-14255/? A/DEBUG:     #248 pc 0001fcf7  /data/app/com.gamebox.shiba-PG90Db5ksHZCvBAraJDl9g==/lib/arm/libv++.so (ify::hook_Android_getaddrinfofornet(char const*, char const*, addrinfo const*, unsigned int, unsigned int, addrinfo**)+142)
09-17 12:14:14.657 14255-14255/? A/DEBUG:     #249 pc 0001fcf7  /data/app/com.gamebox.shiba-PG90Db5ksHZCvBAraJDl9g==/lib/arm/libv++.so (ify::hook_Android_getaddrinfofornet(char const*, char const*, addrinfo const*, unsigned int, unsigned int, addrinfo**)+142)
09-17 12:14:14.657 14255-14255/? A/DEBUG:     #250 pc 0001fcf7  /data/app/com.gamebox.shiba-PG90Db5ksHZCvBAraJDl9g==/lib/arm/libv++.so (ify::hook_Android_getaddrinfofornet(char const*, char const*, addrinfo const*, unsigned int, unsigned int, addrinfo**)+142)
09-17 12:14:14.657 14255-14255/? A/DEBUG:     #251 pc 0001fcf7  /data/app/com.gamebox.shiba-PG90Db5ksHZCvBAraJDl9g==/lib/arm/libv++.so (ify::hook_Android_getaddrinfofornet(char const*, char const*, addrinfo const*, unsigned int, unsigned int, addrinfo**)+142)
09-17 12:14:14.657 14255-14255/? A/DEBUG:     #252 pc 0001fcf7  /data/app/com.gamebox.shiba-PG90Db5ksHZCvBAraJDl9g==/lib/arm/libv++.so (ify::hook_Android_getaddrinfofornet(char const*, char const*, addrinfo const*, unsigned int, unsigned int, addrinfo**)+142)
09-17 12:14:14.657 14255-14255/? A/DEBUG:     #253 pc 0001fcf7  /data/app/com.gamebox.shiba-PG90Db5ksHZCvBAraJDl9g==/lib/arm/libv++.so (ify::hook_Android_getaddrinfofornet(char const*, char const*, addrinfo const*, unsigned int, unsigned int, addrinfo**)+142)
09-17 12:14:14.657 14255-14255/? A/DEBUG:     #254 pc 0001fcf7  /data/app/com.gamebox.shiba-PG90Db5ksHZCvBAraJDl9g==/lib/arm/libv++.so (ify::hook_Android_getaddrinfofornet(char const*, char const*, addrinfo const*, unsigned int, unsigned int, addrinfo**)+142)
09-17 12:14:14.657 14255-14255/? A/DEBUG:     #255 pc 0001fcf7  /data/app/com.gamebox.shiba-PG90Db5ksHZCvBAraJDl9g==/lib/arm/libv++.so (ify::hook_Android_getaddrinfofornet(char const*, char const*, addrinfo const*, unsigned int, unsigned int, addrinfo**)+142)
09-17 12:14:15.955 14255-14255/? E/crash_dump32: cannot open libmiuindbg.so: No such file or directory
09-17 12:14:15.956 1122-1122/? E//system/bin/tombstoned: Tombstone written to: /data/tombstones/tombstone_01
09-17 12:14:15.968 2095-2123/? E/libprocessgroup: getpgid(14255) failed: Permission denied
09-17 12:14:15.974 2095-2123/? E/libprocessgroup: getpgid(14255) failed: Permission denied
09-17 12:14:24.640 14275-14275/? E/encent.mobileq: Not starting debugger since process cannot load the jdwp agent.
09-17 12:14:24.968 14275-14275/? E/NativeMemoryMonitor: load so res: true
09-17 12:14:25.213 14275-14318/? E/System:  ******** DEPRECATED FUNCTIONALITY ********
09-17 12:14:25.213 14275-14318/? E/System:  * The implementation of the KeyFactory.RSA algorithm from
09-17 12:14:25.213 14275-14318/? E/System:  * the BC provider is deprecated in this version of Android.
09-17 12:14:25.213 14275-14318/? E/System:  * It will be removed in a future version of Android and your
09-17 12:14:25.213 14275-14318/? E/System:  * application will no longer be able to request it.  Please see
09-17 12:14:25.213 14275-14318/? E/System:  * https://android-developers.googleblog.com/2018/03/cryptography-changes-in-android-p.html
09-17 12:14:25.213 14275-14318/? E/System:  * for more details.
09-17 12:14:25.319 14275-14297/? E/MD5: loadso arm msfbootV2 resultCode=3387394
09-17 12:14:25.322 14275-14297/? E/MD5: loadso msfbootV2 true resultCode=3387394 cost=9
09-17 12:14:25.323 14275-14332/? E/Theme.ThemeUtil: initTheme: engine is not ready
09-17 12:14:25.409 14275-14332/? E/SecurityUtile: loadso arm DBEncryptV2 resultCode=3387394
09-17 12:14:25.409 14275-14332/? E/SecurityUtile: loadso true, resultCode:3387394 cost:4
09-17 12:14:25.412 14275-14332/? E/encent.mobileq: The String#value field is not present on Android versions >= 6.0
09-17 12:14:25.429 14275-14298/? E/ThemeSwitcher: **7197007 startSwitch: 1000, 206
09-17 12:14:25.479 14275-14331/? E/System:  ******** DEPRECATED FUNCTIONALITY ********
09-17 12:14:25.479 14275-14331/? E/System:  * The implementation of the KeyPairGenerator.EC algorithm from
09-17 12:14:25.479 14275-14331/? E/System:  * the BC provider is deprecated in this version of Android.
09-17 12:14:25.479 14275-14331/? E/System:  * It will be removed in a future version of Android and your
09-17 12:14:25.479 14275-14331/? E/System:  * application will no longer be able to request it.  Please see
09-17 12:14:25.479 14275-14331/? E/System:  * https://android-developers.googleblog.com/2018/03/cryptography-changes-in-android-p.html
09-17 12:14:25.479 14275-14331/? E/System:  * for more details.
09-17 12:14:25.486 14275-14351/? E/SQLiteLog: (1) no such table: mr_friend_BBBCA2C74347FFE57DBAFDBABFCB5DF0_New
09-17 12:14:25.504 14275-14351/? E/SQLiteLog: (1) no such table: mr_friend_300ECF93B7224CF439B6DE6EE1D6C200_New
09-17 12:14:25.515 14275-14332/? E/PreDownloadScheduler:  pre download bSampledLastTime = false
09-17 12:14:25.515 14275-14332/? E/PreDownloadScheduler:  pre download random = 0.7738932958493202
09-17 12:14:25.515 14275-14332/? E/PreDownloadScheduler:  pre download set mNeedReport = false
09-17 12:14:25.521 14275-14331/? E/System:  ******** DEPRECATED FUNCTIONALITY ********
09-17 12:14:25.521 14275-14331/? E/System:  * The implementation of the KeyFactory.EC algorithm from
09-17 12:14:25.521 14275-14331/? E/System:  * the BC provider is deprecated in this version of Android.
09-17 12:14:25.521 14275-14331/? E/System:  * It will be removed in a future version of Android and your
09-17 12:14:25.521 14275-14331/? E/System:  * application will no longer be able to request it.  Please see
09-17 12:14:25.521 14275-14331/? E/System:  * https://android-developers.googleblog.com/2018/03/cryptography-changes-in-android-p.html
09-17 12:14:25.521 14275-14331/? E/System:  * for more details.
09-17 12:14:25.523 14275-14331/? E/System:  ******** DEPRECATED FUNCTIONALITY ********
09-17 12:14:25.523 14275-14331/? E/System:  * The implementation of the KeyAgreement.ECDH algorithm from
09-17 12:14:25.523 14275-14331/? E/System:  * the BC provider is deprecated in this version of Android.
09-17 12:14:25.523 14275-14331/? E/System:  * It will be removed in a future version of Android and your
09-17 12:14:25.523 14275-14331/? E/System:  * application will no longer be able to request it.  Please see
09-17 12:14:25.523 14275-14331/? E/System:  * https://android-developers.googleblog.com/2018/03/cryptography-changes-in-android-p.html
09-17 12:14:25.523 14275-14331/? E/System:  * for more details.
09-17 12:14:25.593 14275-14351/? E/SQLiteLog: (1) no such table: mr_friend_B8C4C8B2271787E2F78B5FE2CE193CAA_New
09-17 12:14:25.617 14275-14351/? E/SQLiteLog: (1) no such table: mr_friend_966BC24F56AB8397AB2303E8E4CDB4C7_New
09-17 12:14:25.705 14275-14332/? E/VasFont: updateFontSwitch error:
                                            org.json.JSONException: Value reset of type java.lang.String cannot be converted to JSONObject
                                                at org.json.JSON.typeMismatch(JSON.java:112)
                                                at org.json.JSONObject.<init>(JSONObject.java:163)
                                                at org.json.JSONObject.<init>(JSONObject.java:176)
                                                at fp.a(ProGuard:300)
                                                at fp.<init>(ProGuard:255)
                                                at com.tencent.mobileqq.app.QQAppInterface.getManager(ProGuard:2095)
                                                at com.tencent.mobileqq.app.QQAppInterface.a(ProGuard:1912)
                                                at com.tencent.mobileqq.app.automator.step.ActiveAccount.a(ProGuard:68)
                                                at com.tencent.mobileqq.app.automator.AsyncStep.run(ProGuard:52)
                                                at com.tencent.mobileqq.app.automator.Automator.run(ProGuard:107)
                                                at java.util.concurrent.ThreadPoolExecutor.runWorker(ThreadPoolExecutor.java:1167)
                                                at java.util.concurrent.ThreadPoolExecutor$Worker.run(ThreadPoolExecutor.java:641)
                                                at java.lang.Thread.run(Thread.java:764)
09-17 12:14:25.841 14275-14298/? E/ArkApp: JNI_OnLoad begin !!
09-17 12:14:25.843 14275-14298/? E/ArkApp: JNI_OnLoad return success !!
09-17 12:14:26.565 14275-14382/? E/SQLiteLog: (1) no such table: mr_friend_300ECF93B7224CF439B6DE6EE1D6C200_New
09-17 12:14:26.600 14275-14382/? E/SQLiteLog: (1) no such table: mr_friend_B8C4C8B2271787E2F78B5FE2CE193CAA_New
09-17 12:14:26.604 14275-14382/? E/SQLiteLog: (1) no such table: mr_friend_966BC24F56AB8397AB2303E8E4CDB4C7_New
09-17 12:14:26.790 14275-14392/? E/HARDCODER: [LocalSocket.h,createSocket:304]"connect ret:-1 fd:125 path:miui_booster"
09-17 12:14:26.920 14275-14275/? E/ThemeSwitcher: beforeSwitch: 1000=>1000
09-17 12:14:26.929 14275-14275/? E/ThemeSwitcher: needSwitch: normal not changed
09-17 12:14:26.929 14275-14275/? E/ThemeSwitcher: needRetry: false switchSuccess: true
09-17 12:14:26.934 14275-14275/? E/ThemeSwitcher: onEndSwitch: 0,false 1000 start 09-17 12:14:25 ,206
09-17 12:14:26.935 14275-14275/? E/ThemeSwitcher: needRetry: false sIsSwitching: false
09-17 12:14:27.429 14275-14417/? E/AladdinConfig: loadFromDisk: 157
                                                  java.io.FileNotFoundException: /data/user/0/com.tencent.mobileqq/files/aladdin_configs/547197007/157.xml (No such file or directory)
                                                      at java.io.FileInputStream.open0(Native Method)
                                                      at java.io.FileInputStream.open(FileInputStream.java:231)
                                                      at java.io.FileInputStream.<init>(FileInputStream.java:165)
                                                      at java.io.FileReader.<init>(FileReader.java:72)
                                                      at com.tencent.aladdin.config.AladdinConfig.loadFromDisk(AladdinConfig.java:84)
                                                      at com.tencent.aladdin.config.AladdinConfig.access$200(AladdinConfig.java:25)
                                                      at com.tencent.aladdin.config.AladdinConfig$3.run(AladdinConfig.java:422)
                                                      at android.os.Handler.handleCallback(Handler.java:873)
                                                      at android.os.Handler.dispatchMessage(Handler.java:99)
                                                      at android.os.Looper.loop(Looper.java:201)
                                                      at android.os.HandlerThread.run(HandlerThread.java:65)
09-17 12:14:27.437 14275-14417/? E/AladdinConfig: loadFromDisk: 144
                                                  java.io.FileNotFoundException: /data/user/0/com.tencent.mobileqq/files/aladdin_configs/547197007/144.xml (No such file or directory)
                                                      at java.io.FileInputStream.open0(Native Method)
                                                      at java.io.FileInputStream.open(FileInputStream.java:231)
                                                      at java.io.FileInputStream.<init>(FileInputStream.java:165)
                                                      at java.io.FileReader.<init>(FileReader.java:72)
                                                      at com.tencent.aladdin.config.AladdinConfig.loadFromDisk(AladdinConfig.java:84)
                                                      at com.tencent.aladdin.config.AladdinConfig.access$200(AladdinConfig.java:25)
                                                      at com.tencent.aladdin.config.AladdinConfig$3.run(AladdinConfig.java:422)
                                                      at android.os.Handler.handleCallback(Handler.java:873)
                                                      at android.os.Handler.dispatchMessage(Handler.java:99)
                                                      at android.os.Looper.loop(Looper.java:201)
                                                      at android.os.HandlerThread.run(HandlerThread.java:65)
09-17 12:14:27.520 2502-2865/? E/PhoneInterfaceManager: [PhoneIntfMgr] getCarrierPrivilegeStatus: No UICC
09-17 12:14:27.551 14275-14349/? E/FlashChat: handleFlashChatConfig failedorg.json.JSONException: End of input at character 0 of
09-17 12:14:28.269 14275-14331/? E/MSF.C.NativeConfigStore: loadso arm msfbootV2 resultCode=3387394
09-17 12:14:28.269 14275-14331/? E/MSF.C.NativeConfigStore: loadso msfbootV2 true resultCode=3387394 cost=1
09-17 12:14:28.470 14275-14298/? E/SQLiteLog: (1) no such table: mr_friend_BBBCA2C74347FFE57DBAFDBABFCB5DF0_New
09-17 12:14:28.610 14275-14298/? E/Q.videostory.config.VSEntranceWidgetHelper: handleStyleConfig error!
09-17 12:14:28.610 14275-14298/? E/Q.videostory.config.VSEntranceWidgetHelper: handleWidgetConfig error!
09-17 12:14:28.680 14275-14332/? E/ArkApp.ArkAppConfigMgr: ArkSafe.setUrlCheckEnable global=true
09-17 12:14:28.713 14275-14332/? E/AiKeywordConfig: mArkJsdebuggerDownloadList list size =2
09-17 12:14:28.740 14275-14377/? E/SQLiteLog: (14) cannot open file at line 36667 of [c255889bd9]
09-17 12:14:28.740 14275-14377/? E/SQLiteLog: (14) os_unix.c:36667: (2) open(//http_cache.db) -
09-17 12:14:28.744 14275-14470/? E/Ark.WordSegment: RegexJNI::Init, init success
09-17 12:14:28.761 14275-14377/? E/SQLiteDatabase: Failed to open database 'http_cache.db'.
                                                   android.database.sqlite.SQLiteCantOpenDatabaseException: unknown error (code 14 SQLITE_CANTOPEN): Could not open database
                                                       at android.database.sqlite.SQLiteConnection.nativeOpen(Native Method)
                                                       at android.database.sqlite.SQLiteConnection.open(SQLiteConnection.java:211)
                                                       at android.database.sqlite.SQLiteConnection.open(SQLiteConnection.java:195)
                                                       at android.database.sqlite.SQLiteConnectionPool.openConnectionLocked(SQLiteConnectionPool.java:503)
                                                       at android.database.sqlite.SQLiteConnectionPool.open(SQLiteConnectionPool.java:204)
                                                       at android.database.sqlite.SQLiteConnectionPool.open(SQLiteConnectionPool.java:196)
                                                       at android.database.sqlite.SQLiteDatabase.openInner(SQLiteDatabase.java:880)
                                                       at android.database.sqlite.SQLiteDatabase.open(SQLiteDatabase.java:865)
                                                       at android.database.sqlite.SQLiteDatabase.openDatabase(SQLiteDatabase.java:766)
                                                       at android.database.sqlite.SQLiteDatabase.openOrCreateDatabase(SQLiteDatabase.java:783)
                                                       at com.tencent.ark.SQLiteHandler.createDB(SQLiteHandler.java:36)
                                                       at com.tencent.ark.ark$Application.Create(Native Method)
                                                       at com.tencent.mobileqq.ark.ArkAppCenter$1.run(ProGuard:419)
09-17 12:14:28.761 14275-14377/? E/ArkApp.SQLiteHandler: Failed to find createDB android.database.sqlite.SQLiteCantOpenDatabaseException: unknown error (code 14 SQLITE_CANTOPEN): Could not open database QueueKey:com.tencent.map
09-17 12:14:28.764 14275-14377/? E/ArkApp.Engine: Engine:156 ApplicationInstance::Destroy, application=0xd0149b00, filesystem=0xcde84ec0 QueueKey: com.tencent.map TheadID: 14377
09-17 12:14:28.775 14275-14377/? E/ArkApp.Engine: Engine:156 ApplicationInstance::Destroy, application=0xd0149b00, filesystem=0xcde84ec0 QueueKey: com.tencent.map TheadID: 14377
09-17 12:14:28.810 14275-14377/? E/ArkApp.Engine: Engine:156 ApplicationInstance::Destroy, application=0xd0149b00, filesystem=0xcb86e9f0 QueueKey: com.tencent.miniapp TheadID: 14377
09-17 12:14:28.812 14275-14377/? E/ArkApp.Engine: Engine:156 ApplicationInstance::Destroy, application=0xd0149b00, filesystem=0xcb86ea50 QueueKey: com.tencent.structmsg TheadID: 14377
09-17 12:14:28.816 14275-14377/? E/ArkApp.Engine: Engine:156 ApplicationInstance::Destroy, application=0xd0149b00, filesystem=0xcb86eb70 QueueKey: com.tencent.miniapp TheadID: 14377
09-17 12:14:28.843 14275-14377/? E/ArkApp.Engine: Engine:156 ApplicationInstance::Destroy, application=0xd0149b00, filesystem=0xca1a01f8 QueueKey: com.tencent.mannounce TheadID: 14377
09-17 12:14:28.855 14275-14377/? E/ArkApp.Engine: Engine:156 ApplicationInstance::Destroy, application=0xd0149b00, filesystem=0xca1a0f78 QueueKey: com.tencent.kandianfeeds TheadID: 14377
09-17 12:14:28.870 14275-14377/? E/ArkApp.Engine: Engine:156 ApplicationInstance::Destroy, application=0xccbc8100, filesystem=0xca1a1548 QueueKey: com.tencent.music TheadID: 14377
09-17 12:14:28.883 14275-14351/? E/VasQuickUpdateManager: initEngine: com.tencent.mobileqq.vas.VasQuickUpdateManager@1902b80
09-17 12:14:28.898 14275-14377/? E/ArkApp.Engine: Engine:156 ApplicationInstance::Destroy, application=0xccbc8100, filesystem=0xca1a1710 QueueKey: com.tencent.qqcomic.aionormal TheadID: 14377
09-17 12:14:28.910 14275-14377/? E/ArkApp.Engine: Engine:156 ApplicationInstance::Destroy, application=0xccbc8100, filesystem=0xca1a16f8 QueueKey: com.tencent.stock TheadID: 14377
09-17 12:14:28.917 14275-14377/? E/ArkApp.Engine: Engine:156 ApplicationInstance::Destroy, application=0xccbc8100, filesystem=0xca1a1878 QueueKey: com.tencent.weather TheadID: 14377
09-17 12:14:29.007 14275-14275/? E/com.tencent.component.network.module.common.NetworkState: NetworkStateReceiver ====== android.net.conn.CONNECTIVITY_CHANGE
09-17 12:14:29.059 14275-14496/? E/VasQuickUpdateEngine_Native: [2019-09-17 12:14:29][1568693669059][error   ][unnamed thread:14496][task:97]: CXPTaskBase[0xe9935250], local_context[0xca1d4500], create[UpdateMainThread], ThreadId[14496]
09-17 12:14:29.060 14275-14496/? E/VasQuickUpdateEngine_Native: [2019-09-17 12:14:29][1568693669060][error   ][unnamed thread:14496][task:97]: CXPTaskBase[0xe99352a0], local_context[0xca1d4540], create[UpdateMainThreadCallBack], ThreadId[14496]
09-17 12:14:29.060 14275-14496/? E/VasQuickUpdateEngine_Native: [2019-09-17 12:14:29][1568693669060][error   ][unnamed thread:14496][task:97]: CXPTaskBase[0xe99352f0], local_context[0xca1d45c0], create[DownloadThread], ThreadId[14496]
09-17 12:14:29.080 14275-14511/? E/VasQuickUpdateEngine_Native: [2019-09-17 12:14:29][1568693669079][error   ][UpdateMainThreadCallBack:14511][task:317]: CXPTaskBase[0xe99352a0], local_context[0xca1d4540], Runloop[UpdateMainThreadCallBack], ThreadId[14511]
09-17 12:14:29.081 14275-14512/? E/VasQuickUpdateEngine_Native: [2019-09-17 12:14:29][1568693669080][error   ][DownloadThread:14512][task:317]: CXPTaskBase[0xe99352f0], local_context[0xca1d45c0], Runloop[DownloadThread], ThreadId[14512]
09-17 12:14:29.084 14275-14510/? E/VasQuickUpdateEngine_Native: [2019-09-17 12:14:29][1568693669082][error   ][UpdateMainThread:14510][task:317]: CXPTaskBase[0xe9935250], local_context[0xca1d4500], Runloop[UpdateMainThread], ThreadId[14510]
09-17 12:14:29.164 14465-14465/com.gamebox.shiba:p2 E/SOCKLAYERHOOK: SockLayerHook init...
09-17 12:14:29.221 14275-14510/? E/VasQuickUpdateEngine_Native: [2019-09-17 12:14:29][1568693669220][error   ][UpdateMainThread:14510][unnamed:271]: CUpdateManager updateAllItem from login
09-17 12:14:29.236 14275-14510/? E/VasQuickUpdateEngine_Native: [2019-09-17 12:14:29][1568693669235][error   ][UpdateMainThread:14510][unnamed:139]: CTaskSyncTable SendPbRequest seq 39986 sync_mode 1 success
09-17 12:14:29.396 444-444/? E/SELinux: avc:  denied  { find } for service=persistent_data_block pid=14465 uid=10265 scontext=u:r:untrusted_app:s0:c9,c257,c512,c768 tcontext=u:object_r:persistent_data_block_service:s0 tclass=service_manager permissive=0
09-17 12:14:29.440 14275-14506/? E/ApolloSoLoader: [loadAllSo], Notify ark jsc has loaded.
09-17 12:14:29.459 14275-14339/? E/Q.qqstory.StoryManager: load my local video count:0, []
09-17 12:14:29.459 14275-14339/? E/Q.qqstory.user.QQStoryRuntime: get current unionId from sp 0_1000
09-17 12:14:29.466 14275-14332/? E/MediaPlayerMgr: [TVK_SDKMgr.java]checkASanMode failure! useASan
09-17 12:14:29.467 444-444/? E/SELinux: avc:  denied  { find } for service=system_update pid=14465 uid=10265 scontext=u:r:untrusted_app:s0:c9,c257,c512,c768 tcontext=u:object_r:system_update_service:s0 tclass=service_manager permissive=0
09-17 12:14:29.467 14275-14332/? E/MediaPlayerMgr: [SDKUpdateHelper.java]checkFileAndConfig failed! sdkDir:/data/user/0/com.tencent.mobileqq/files/TencentVideoKitUpdate, configFile: /data/user/0/com.tencent.mobileqq/files/TencentVideoKitUpdate/TVKConfig.ser
09-17 12:14:29.467 14275-14332/? E/MediaPlayerMgr: [SDKUpdateHelper.java]checkUpdateLocalFiles checkFileAndConfig failed
09-17 12:14:29.474 444-444/? E/SELinux: avc:  denied  { find } for service=wifiscanner pid=14465 uid=10265 scontext=u:r:untrusted_app:s0:c9,c257,c512,c768 tcontext=u:object_r:wifiscanner_service:s0 tclass=service_manager permissive=0
09-17 12:14:29.475 444-444/? E/SELinux: avc:  denied  { find } for service=lock_settings pid=14465 uid=10265 scontext=u:r:untrusted_app:s0:c9,c257,c512,c768 tcontext=u:object_r:lock_settings_service:s0 tclass=service_manager permissive=0
09-17 12:14:29.548 14275-14332/? E/MediaPlayerMgr: []verify state result: 100, msg: null
09-17 12:14:29.597 14465-14465/com.gamebox.shiba:p2 E/ActivityThread: Failed to find provider info for com.gamebox.shiba.debug.VirtualDebugProvider
09-17 12:14:29.620 14465-14465/com.gamebox.shiba:p2 E/SOCKLAYERHOOK: setEnableProxy true
09-17 12:14:29.621 14275-14332/? E/MediaPlayerMgr.ModuleUpdate: [CheckFile.java]GetLocalFilePath, , status:291, moduleNameString:ckey, fileName:libckeygenerator.so
09-17 12:14:29.736 14275-14574/? E/SQLiteLog: (1) no such table: FeedInfo
09-17 12:14:29.928 14465-14465/com.google.android.gms E/V++: add replace item : /data/data/com.gamebox.shiba/virtual/data/user/0/com.google.android.gms/lib/ -> /data/data/com.gamebox.shiba/virtual/data/app/com.google.android.gms/lib/
09-17 12:14:29.928 14465-14465/com.google.android.gms E/V++: add replace item : /storage/emulated/0/Android/data/com.google.android.gms/ -> /storage/emulated/0/Android/data/com.gamebox.shiba/Android/data/com.google.android.gms/
09-17 12:14:29.928 14465-14465/com.google.android.gms E/V++: add replace item : /storage/emulated/0/Android/data/com.google.android.gms/ -> /storage/emulated/0/Android/data/com.gamebox.shiba/Android/data/com.google.android.gms/
09-17 12:14:29.928 14465-14465/com.google.android.gms E/V++: add replace item : /storage/emulated/0/Android/obb/com.google.android.gms/ -> /storage/emulated/0/Android/data/com.gamebox.shiba/Android/obb/com.google.android.gms/
09-17 12:14:29.929 14465-14465/com.google.android.gms E/V++: add replace item : /storage/emulated/0/Android/obb/com.google.android.gms/ -> /storage/emulated/0/Android/data/com.gamebox.shiba/Android/obb/com.google.android.gms/
09-17 12:14:29.929 14465-14465/com.google.android.gms E/V++: add replace item : /mnt/sdcard/Android/data/com.google.android.gms/ -> /storage/emulated/0/Android/data/com.gamebox.shiba/Android/data/com.google.android.gms/
09-17 12:14:29.929 14465-14465/com.google.android.gms E/V++: add replace item : /mnt/sdcard/Android/obb/com.google.android.gms/ -> /storage/emulated/0/Android/data/com.gamebox.shiba/Android/obb/com.google.android.gms/
09-17 12:14:29.929 14465-14465/com.google.android.gms E/V++: add replace item : /sdcard/Android/data/com.google.android.gms/ -> /storage/emulated/0/Android/data/com.gamebox.shiba/Android/data/com.google.android.gms/
09-17 12:14:29.929 14465-14465/com.google.android.gms E/V++: add replace item : /sdcard/Android/obb/com.google.android.gms/ -> /storage/emulated/0/Android/data/com.gamebox.shiba/Android/obb/com.google.android.gms/
09-17 12:14:29.929 14465-14465/com.google.android.gms E/V++: add replace item : /data/user/0/com.google.android.gms/lib/ -> /data/data/com.gamebox.shiba/virtual/data/app/com.google.android.gms/lib/
09-17 12:14:29.929 14465-14465/com.google.android.gms E/V++: add replace item : /data/user_de/0/com.google.android.gms/ -> /data/data/com.gamebox.shiba/virtual/data/user_de/0/com.google.android.gms/
09-17 12:14:29.929 14465-14465/com.google.android.gms E/V++: add replace item : /data/data/com.google.android.gms/lib/ -> /data/data/com.gamebox.shiba/virtual/data/app/com.google.android.gms/lib/
09-17 12:14:29.930 14465-14465/com.google.android.gms E/V++: add replace item : /data/user/0/com.google.android.gms/ -> /data/data/com.gamebox.shiba/virtual/data/user/0/com.google.android.gms/
09-17 12:14:29.930 14465-14465/com.google.android.gms E/V++: add replace item : /data/data/com.google.android.gms/ -> /data/data/com.gamebox.shiba/virtual/data/user/0/com.google.android.gms/
09-17 12:14:29.930 14465-14465/com.google.android.gms E/V++: add replace item : /storage/emulated/0/Download/ -> /storage/emulated/0/Android/data/com.gamebox.shiba/Download/
09-17 12:14:29.930 14465-14465/com.google.android.gms E/V++: add replace item : /storage/emulated/0/Download/ -> /storage/emulated/0/Android/data/com.gamebox.shiba/Download/
09-17 12:14:29.930 14465-14465/com.google.android.gms E/V++: add replace item : /mnt/sdcard/Download/ -> /storage/emulated/0/Android/data/com.gamebox.shiba/Download/
09-17 12:14:29.930 14465-14465/com.google.android.gms E/V++: add replace item : /storage/emulated/0/ -> /storage/emulated/0/Android/data/com.gamebox.shiba/
09-17 12:14:29.930 14465-14465/com.google.android.gms E/V++: add replace item : /storage/emulated/0/ -> /storage/emulated/0/Android/data/com.gamebox.shiba/
09-17 12:14:29.930 14465-14465/com.google.android.gms E/V++: add replace item : /sdcard/Download/ -> /storage/emulated/0/Android/data/com.gamebox.shiba/Download/
09-17 12:14:29.930 14465-14465/com.google.android.gms E/V++: add replace item : /mnt/sdcard/ -> /storage/emulated/0/Android/data/com.gamebox.shiba/
09-17 12:14:29.931 14465-14465/com.google.android.gms E/V++: add replace item : /proc/stat -> /data/data/com.gamebox.shiba/virtual/proc/stat
09-17 12:14:29.931 14465-14465/com.google.android.gms E/V++: add replace item : /sdcard/ -> /storage/emulated/0/Android/data/com.gamebox.shiba/
09-17 12:14:29.931 14465-14465/com.google.android.gms E/V++: add replace item : /tmp/ -> /data/data/com.gamebox.shiba/virtual/data/user/0/com.google.android.gms/cache/
09-17 12:14:29.938 14465-14465/com.google.android.gms E/V++: Starting IO Hook...
09-17 12:14:29.939 14465-14465/com.google.android.gms E/SOCKLAYERHOOK: SockLayerHook init...
09-17 12:14:29.939 14465-14465/com.google.android.gms E/V++: Not found symbol : __statfs
09-17 12:14:29.941 14275-14417/? E/AladdinConfig: loadFromDisk: 186
                                                  java.io.FileNotFoundException: /data/user/0/com.tencent.mobileqq/files/aladdin_configs/547197007/186.xml (No such file or directory)
                                                      at java.io.FileInputStream.open0(Native Method)
                                                      at java.io.FileInputStream.open(FileInputStream.java:231)
                                                      at java.io.FileInputStream.<init>(FileInputStream.java:165)
                                                      at java.io.FileReader.<init>(FileReader.java:72)
                                                      at com.tencent.aladdin.config.AladdinConfig.loadFromDisk(AladdinConfig.java:84)
                                                      at com.tencent.aladdin.config.AladdinConfig.access$200(AladdinConfig.java:25)
                                                      at com.tencent.aladdin.config.AladdinConfig$3.run(AladdinConfig.java:422)
                                                      at android.os.Handler.handleCallback(Handler.java:873)
                                                      at android.os.Handler.dispatchMessage(Handler.java:99)
                                                      at android.os.Looper.loop(Looper.java:201)
                                                      at android.os.HandlerThread.run(HandlerThread.java:65)
09-17 12:14:30.001 14275-14332/? E/SQLiteLog: (1) no such table: mr_troop_78581730B9597EB79994D81FA5ADA393_New
09-17 12:14:30.002 14275-14332/? E/SQLiteLog: (1) no such table: mr_troop_AA08D313E8290DAFDFD59BACD9193E24_New
09-17 12:14:30.002 14275-14332/? E/SQLiteLog: (1) no such table: mr_troop_A0ACAB2E9F0F31BAB169BD08820B458B_New
09-17 12:14:30.003 14275-14332/? E/SQLiteLog: (1) no such table: mr_troop_C14D9D77D7208880E333614AAE7C8FF0_New
09-17 12:14:30.003 14275-14332/? E/SQLiteLog: (1) no such table: mr_troop_C981A95AD5381CDED5851EB85CACFBA8_New
09-17 12:14:30.004 14275-14332/? E/SQLiteLog: (1) no such table: mr_troop_CA804F2FE18DCC3709A92E4B1A315892_New
09-17 12:14:30.004 14275-14332/? E/SQLiteLog: (1) no such table: mr_troop_F20CEBF9FC2F85968F664DE723492728_New
09-17 12:14:30.005 14275-14332/? E/SQLiteLog: (1) no such table: mr_troop_FD9784B3E84731E8471C04A190FFBAFE_New
09-17 12:14:30.005 14275-14332/? E/SQLiteLog: (1) no such table: mr_troop_BCCEDD3793333E86F654D0E8E76EE782_New
09-17 12:14:30.006 14275-14332/? E/SQLiteLog: (1) no such table: mr_troop_0544AD2D1EA860551FB36207FA588E07_New
09-17 12:14:30.031 14275-14298/? E/OfflineEnvHelper: getOfflineDir, isStoreInSD true
09-17 12:14:30.031 14275-14298/? E/OfflineEnvHelper: getSDOfflineDir, initEnv
09-17 12:14:30.127 14275-14510/? E/VasQuickUpdateEngine_Native: [2019-09-17 12:14:30][1568693670127][error   ][UpdateMainThread:14510][unnamed:221]: CTaskSyncTable OnPbMsgRecv UpdateItem seq 39986 Count 0
09-17 12:14:30.137 14275-14510/? E/VasQuickUpdateEngine_Native: [2019-09-17 12:14:30][1568693670137][error   ][UpdateMainThread:14510][unnamed:133]: selectAllItems error: itemList = NULL
09-17 12:14:30.223 14275-14297/? E/OfflineEnvHelper: getOfflineDir, isStoreInSD true
09-17 12:14:30.228 14275-14510/? E/VasQuickUpdateEngine_Native: [2019-09-17 12:14:30][1568693670220][error   ][UpdateMainThread:14510][unnamed:405]: CTaskSyncTable listShouldUpdate count 0
09-17 12:14:30.324 14275-14332/? E/AdCarrier: getCarrierCode error
09-17 12:14:30.338 14275-14635/? E/PLAYER_ODK: getPreferenceDirFile
                                               java.lang.NoSuchFieldException: No field mFile in class Lcom/tencent/mqq/shared_file_accessor/i; (declaration of 'com.tencent.mqq.shared_file_accessor.i' appears in base.apk)
                                                   at java.lang.Class.getDeclaredField(Native Method)
                                                   at com.tencent.odk.player.client.c.o.a(ProGuard:97)
                                                   at com.tencent.odk.player.client.c.o.run(ProGuard:73)
                                                   at java.util.concurrent.ThreadPoolExecutor.runWorker(ThreadPoolExecutor.java:1167)
                                                   at java.util.concurrent.ThreadPoolExecutor$Worker.run(ThreadPoolExecutor.java:641)
                                                   at java.lang.Thread.run(Thread.java:764)
09-17 12:14:30.394 14275-14566/? E/MediaPlayerMgr: [SDKUpdate.java]update, config == null
09-17 12:14:30.835 14275-14297/? E/OfflineEnvHelper: getOfflineDir, isStoreInSD true
09-17 12:14:30.836 14275-14297/? E/OfflineEnvHelper: getOfflineDir, isStoreInSD true
09-17 12:14:30.848 14275-14297/? E/OfflineEnvHelper: getOfflineDir, isStoreInSD true
09-17 12:14:31.118 14275-14332/? E/AdCarrier: getCarrierCode error
09-17 12:14:31.129 14275-14332/? E/OfflineEnvHelper: getOfflineDir, isStoreInSD true
09-17 12:14:31.144 14275-14332/? E/OfflineEnvHelper: getOfflineDir, isStoreInSD true
09-17 12:14:32.829 14275-14703/? E/AdCarrier: getCarrierCode error
09-17 12:14:32.873 14275-14702/? E/IndividuationUrlHelper: parseJson, index config error, uin length=9, config={"platformId":"0","minVersion":"6.5.0.000","maxVersion":"9.9.9.999","startIndex":10,"endIndex":1,"min":2202003201,"max":2202003201,"url":"https:\/\/qc.vip.qq.com\/pages\/index.html?_static=1&_cwv=4&dream=1","whiteUser":"","isDefault":0,"business":"comicIndex","userType":7}
09-17 12:14:32.873 14275-14702/? E/IndividuationUrlHelper: parseJson, index config error, uin length=9, config={"platformId":"0","minVersion":"7.2.0.000","maxVersion":"9.9.9.999","startIndex":10,"endIndex":1,"min":3305645508,"max":3305645508,"url":"https:\/\/qc.vip.qq.com\/pages\/index_v2.html?asyncMode=3&_wv=3&_cwv=4","whiteUser":"","isDefault":0,"business":"comicIndex","userType":7}
09-17 12:14:32.873 14275-14702/? E/IndividuationUrlHelper: parseJson, index config error, uin length=9, config={"platformId":"0","minVersion":"7.2.0.000","maxVersion":"9.9.9.999","startIndex":10,"endIndex":1,"min":3168481997,"max":3168481997,"url":"https:\/\/qc.vip.qq.com\/pages\/index.html?asyncMode=3&_wv=3&_cwv=4","whiteUser":"","isDefault":0,"business":"comicIndex","userType":7}
09-17 12:14:32.873 14275-14702/? E/IndividuationUrlHelper: parseJson, index config error, uin length=9, config={"platformId":"0","minVersion":"7.2.0.000","maxVersion":"9.9.9.999","startIndex":10,"endIndex":1,"min":1533816780,"max":1533816780,"url":"https:\/\/qc.vip.qq.com\/pages\/index_v2.html?asyncMode=3&_wv=3&_cwv=4","whiteUser":"","isDefault":0,"business":"comicIndex","userType":7}
09-17 12:14:32.873 14275-14702/? E/IndividuationUrlHelper: parseJson, index config error, uin length=9, config={"platformId":"0","minVersion":"7.2.5.000","maxVersion":"9.9.9.999","startIndex":10,"endIndex":1,"min":2202003209,"max":2202003209,"url":"https:\/\/qc.vip.qq.com\/pages\/index_v2.html?asyncMode=3&_wv=3&_cwv=4","whiteUser":"","isDefault":0,"business":"comicIndex","userType":7}
09-17 12:14:32.874 14275-14702/? E/IndividuationUrlHelper: parseJson, index config error, uin length=9, config={"platformId":"0","minVersion":"7.2.5.000","maxVersion":"9.9.9.999","startIndex":10,"endIndex":1,"min":2202003207,"max":2202003207,"url":"https:\/\/qc.vip.qq.com\/pages\/index_v2.html?asyncMode=3&_wv=3&_cwv=4","whiteUser":"","isDefault":0,"business":"comicCategory","userType":7}
09-17 12:14:32.874 14275-14702/? E/IndividuationUrlHelper: parseJson, index config error, uin length=9, config={"platformId":"0","minVersion":"7.2.5.000","maxVersion":"9.9.9.999","startIndex":10,"endIndex":1,"min":1187974069,"max":1187974069,"url":"https:\/\/qc.vip.qq.com\/pages\/index_v2.html?asyncMode=3&_wv=3&_cwv=4","whiteUser":"","isDefault":0,"business":"comicCategory","userType":7}
09-17 12:14:32.874 14275-14702/? E/IndividuationUrlHelper: parseJson, index config error, uin length=9, config={"platformId":"0","minVersion":"7.2.5.000","maxVersion":"9.9.9.999","startIndex":10,"endIndex":1,"min":2202003209,"max":2202003209,"url":"https:\/\/qc.vip.qq.com\/pages\/index.html?asyncMode=3&_wvx=3","whiteUser":"","isDefault":0,"business":"comicCategory","userType":7}
09-17 12:14:32.874 14275-14702/? E/IndividuationUrlHelper: parseJson, index config error, uin length=9, config={"platformId":"0","minVersion":"7.2.5.000","maxVersion":"9.9.9.999","startIndex":10,"endIndex":1,"min":2019619996,"max":2019619996,"url":"https:\/\/qc.vip.qq.com\/pages\/index.html?asyncMode=3&_wvx=3","whiteUser":"","isDefault":0,"business":"comicCategory","userType":7}
09-17 12:14:32.874 14275-14702/? E/IndividuationUrlHelper: parseJson, index config error, uin length=9, config={"platformId":"0","minVersion":"7.2.5.000","maxVersion":"9.9.9.999","startIndex":10,"endIndex":1,"min":180181340,"max":180181340,"url":"https:\/\/qc.vip.qq.com\/pages\/index_v2.html?asyncMode=3&_wv=3&_cwv=4","whiteUser":"","isDefault":0,"business":"comicCategory","userType":7}
09-17 12:14:32.875 14275-14702/? E/IndividuationUrlHelper: parseJson, index config error, uin length=9, config={"platformId":"2","minVersion":"6.5.0","maxVersion":"9.9.9","startIndex":10,"endIndex":1,"min":2424584779,"max":2424584779,"url":"http:\/\/qc.vip.qq.com\/gc\/pages\/pay.html","whiteUser":"","isDefault":1,"business":"comicPayRead","userType":7}
09-17 12:14:32.877 14275-14702/? E/IndividuationUrlHelper: parseJson, index config error, uin length=9, config={"platformId":"0","minVersion":"7.2.5.000","maxVersion":"9.9.9.999","startIndex":10,"endIndex":1,"min":2202003206,"max":2202003207,"url":"http:\/\/dm.vip.qq.com?a=%e6%8e%a8%e8%8d%90","whiteUser":"","isDefault":0,"business":"comicCategoryTitle","userType":7}
09-17 12:14:32.877 14275-14702/? E/IndividuationUrlHelper: parseJson, index config error, uin length=9, config={"platformId":"0","minVersion":"7.2.5.000","maxVersion":"9.9.9.999","startIndex":10,"endIndex":1,"min":2300001340,"max":2300001342,"url":"http:\/\/dm.vip.qq.com?a=%e6%8e%a8%e8%8d%90","whiteUser":"","isDefault":0,"business":"comicCategoryTitle","userType":7}
09-17 12:14:32.878 14275-14702/? E/IndividuationUrlHelper: parseJson, index config error, uin length=9, config={"platformId":"0","minVersion":"7.2.5.000","maxVersion":"9.9.9.999","startIndex":10,"endIndex":1,"min":3493721732,"max":3493721732,"url":"http:\/\/dm.vip.qq.com?a=%e6%8e%a8%e8%8d%90","whiteUser":"","isDefault":0,"business":"comicCategoryTitle","userType":7}
